---
- !permit
  privilege:
  - read
  - execute
  resource: !variable
    id: foobar
  role:
  - !group
    id: developers
  - !group
    id: support
