---
- !group
  id: developers
- !user
  annotations:
    hair-color: blonde
  id: alice
