---
- !revoke
  member: !user
    id: alice
  role: !group
    id: developers
