---
- !group
  id: developers
- !user
  id: alice
